facet-free: 188 Internet-Archive-family queries had a YEAR facet (in `q` or in `year_range`); 188 rewritten
[2026-10-06T11:59:56Z] FETCH  corporate_print / CP walmart annual-report run 1970-1998 (EXEMPLAR) [FACET-FREE per RD-130]
[2026-10-06T11:59:57Z] FETCH  corporate_print / CP walmart pre-FY1972 corporate print 1962-1971 [FACET-FREE per RD-130]
[2026-10-06T12:00:01Z] FETCH  corporate_print / CP text availability FY1972 AR
[2026-10-06T12:00:03Z] FETCH  corporate_print / CP FY1972 AR full text (direct server)
[2026-10-06T12:00:04Z] FETCH  corporate_print / CP unitedhealth annual reports 1977-1995 [FACET-FREE per RD-130]
[2026-10-06T12:00:05Z] FETCH  corporate_print / CP unitedhealth corporate-print by creator 1971-1995 [FACET-FREE per RD-130]
[2026-10-06T12:00:08Z] FETCH  corporate_print / CP apple annual/shareholder reports 1976-1995 [FACET-FREE per RD-130]
[2026-10-06T12:00:10Z] FETCH  corporate_print / CP apple corporate print by creator 1976-1995 [FACET-FREE per RD-130]
[2026-10-06T12:00:13Z] FETCH  corporate_print / CP text availability apple 1989 corporate report
[2026-10-06T12:00:16Z] FETCH  corporate_print / CP alphabet/google annual + shareholder print 1998-2006 [FACET-FREE per RD-130]
[2026-10-06T12:00:18Z] FETCH  corporate_print / CP google corporate print by creator 1998-2006 [FACET-FREE per RD-130]
[2026-10-06T12:00:20Z] FETCH  corporate_print / CP amazon annual/shareholder print 1997-2005 [FACET-FREE per RD-130]
[2026-10-06T12:00:23Z] FETCH  corporate_print / CP amazon corporate print by creator 1994-2005 [FACET-FREE per RD-130]
[2026-10-06T12:00:25Z] FETCH  corporate_print / CP cvs annual/shareholder print 1960-1998 (wide, un-refined) [FACET-FREE per RD-130]
[2026-10-06T12:00:28Z] FETCH  corporate_print / CP cvs corporate print by creator 1960-1998 [FACET-FREE per RD-130]
[2026-10-06T12:00:30Z] FETCH  corporate_print / CP berkshire annual/shareholder print 1948-1998 (wide, un-refined) [FACET-FREE per RD-130]
[2026-10-06T12:00:33Z] FETCH  corporate_print / CP berkshire corporate print by creator 1948-1998 [FACET-FREE per RD-130]
[2026-10-06T12:00:35Z] FETCH  corporate_print / CP mckesson annual/shareholder print 1930-1998 (wide, un-refined) [FACET-FREE per RD-130]
[2026-10-06T12:00:38Z] FETCH  corporate_print / CP mckesson corporate print by creator 1930-1998 [FACET-FREE per RD-130]
[2026-10-06T12:00:40Z] FETCH  corporate_print / CP exxon/mobil annual & shareholder print 1900-1999 (wide, un-refined) [FACET-FREE per RD-130]
[2026-10-06T12:00:43Z] FETCH  corporate_print / CP exxon/mobil corporate print by creator 1900-1999 [FACET-FREE per RD-130]
[2026-10-06T12:00:45Z] FETCH  corporate_print / CP cencora annual/shareholder print 1985-2025 (wide, un-refined) [FACET-FREE per RD-130]
[2026-10-06T12:00:48Z] FETCH  corporate_print / CP cencora corporate print by creator + predecessor-name discovery 1985-2025 [FACET-FREE per RD-130]
[2026-10-06T12:00:50Z] FETCH  corporate_print / CP microsoft annual/shareholder print 1975-1995 [FACET-FREE per RD-130]
[2026-10-06T12:00:53Z] FETCH  corporate_print / CP microsoft corporate print by creator 1975-1995 (Apple-verified creator form) [FACET-FREE per RD-130]
[2026-10-06T12:00:55Z] FETCH  corporate_print / CP jpmorgan + predecessor annual/shareholder print 1900-1999 (wide, un-refined) [FACET-FREE per RD-130]
[2026-10-06T12:00:58Z] FETCH  corporate_print / CP jpmorgan corporate print by creator 1900-1999 [FACET-FREE per RD-130]
[2026-10-06T12:01:01Z] FETCH  corporate_print / CP costco + price club annual/shareholder print 1976-1998 [FACET-FREE per RD-130]
[2026-10-06T12:01:03Z] FETCH  corporate_print / CP costco/price corporate print by creator 1976-1998 [FACET-FREE per RD-130]
[2026-10-06T12:01:05Z] FETCH  corporate_print / CP cigna + predecessor annual/shareholder print 1940-1998 (wide, un-refined) [FACET-FREE per RD-130]
[2026-10-06T12:01:08Z] FETCH  corporate_print / CP cigna corporate print by creator 1940-1998 [FACET-FREE per RD-130]
[2026-10-06T12:01:10Z] FETCH  corporate_print / CP cardinal annual/shareholder print 1970-1998 (wide, un-refined) [FACET-FREE per RD-130]
[2026-10-06T12:01:13Z] FETCH  corporate_print / CP cardinal corporate print by creator 1970-1998 [FACET-FREE per RD-130]
[2026-10-06T12:01:16Z] FETCH  corporate_print / CP nvidia annual/shareholder print 1993-2005 [FACET-FREE per RD-130]
[2026-10-06T12:01:18Z] FETCH  corporate_print / CP nvidia corporate print by creator 1993-2005 [FACET-FREE per RD-130]
[2026-10-06T12:01:20Z] FETCH  corporate_print / CP meta/facebook annual & shareholder print 2004-2016 [FACET-FREE per RD-130]
[2026-10-06T12:01:23Z] FETCH  corporate_print / CP meta/facebook corporate print by creator 2004-2016 [FACET-FREE per RD-130]
[2026-10-06T12:01:25Z] FETCH  corporate_print / CP elevance + predecessor annual/shareholder print 1970-2022 (wide, un-refined) [FACET-FREE per RD-130]
[2026-10-06T12:01:28Z] FETCH  corporate_print / CP elevance corporate print by creator 1970-2022 [FACET-FREE per RD-130]
[2026-10-06T12:01:30Z] FETCH  corporate_print / CP centene annual/shareholder print 1984-2010 (wide, un-refined) [FACET-FREE per RD-130]
[2026-10-06T12:01:33Z] FETCH  corporate_print / CP centene corporate print by creator 1984-2010 [FACET-FREE per RD-130]
[2026-10-06T12:01:36Z] FETCH  corporate_print / CP bofa + predecessor annual/shareholder print 1900-1998 (wide, un-refined) [FACET-FREE per RD-130]
[2026-10-06T12:01:38Z] FETCH  corporate_print / CP bofa corporate print by creator 1900-1998 [FACET-FREE per RD-130]
[2026-10-06T12:01:40Z] FETCH  corporate_print / CP chevron annual/shareholder print 1900-1999 (wide, un-refined) [FACET-FREE per RD-130]
[2026-10-06T12:01:43Z] FETCH  corporate_print / CP chevron corporate print by creator 1900-1999 [FACET-FREE per RD-130]
[2026-10-06T12:01:46Z] FETCH  corporate_print / CP ford annual/shareholder print 1900-1975 (wide, un-refined) [FACET-FREE per RD-130]
[2026-10-06T12:01:48Z] FETCH  corporate_print / CP ford corporate print by creator 1900-1975 [FACET-FREE per RD-130]
[2026-10-06T12:01:50Z] FETCH  corporate_print / CP gm annual/shareholder print 1908-1975 (wide, un-refined) [FACET-FREE per RD-130]
[2026-10-06T12:01:53Z] FETCH  corporate_print / CP gm corporate print by creator 1908-1975 [FACET-FREE per RD-130]
[2026-10-06T12:01:55Z] FETCH  corporate_print / CP citigroup + predecessor annual/shareholder print 1900-1998 (wide, un-refined) [FACET-FREE per RD-130]
[2026-10-06T12:01:58Z] FETCH  corporate_print / CP citigroup corporate print by creator 1900-1998 [FACET-FREE per RD-130]
[2026-10-06T12:02:00Z] FETCH  corporate_print / CP homedepot annual/shareholder print 1975-1998 [FACET-FREE per RD-130]
[2026-10-06T12:02:03Z] FETCH  corporate_print / CP homedepot corporate print by creator 1975-1998 [FACET-FREE per RD-130]
[2026-10-06T12:02:05Z] FETCH  corporate_print / CP fanniemae annual/shareholder print 1938-1998 (wide, un-refined) [FACET-FREE per RD-130]
[2026-10-06T12:02:08Z] FETCH  corporate_print / CP fanniemae corporate print by creator 1938-1998 [FACET-FREE per RD-130]
[2026-10-06T12:02:10Z] FETCH  corporate_print / CP kroger annual/shareholder print 1900-1990 (wide, un-refined) [FACET-FREE per RD-130]
[2026-10-06T12:02:13Z] FETCH  corporate_print / CP kroger corporate print by creator 1900-1990 [FACET-FREE per RD-130]
[2026-10-06T12:02:16Z] FETCH  corporate_print / CP verizon + Bell predecessor annual/shareholder print 1900-2005 (wide, un-refined) [FACET-FREE per RD-130]
[2026-10-06T12:02:18Z] FETCH  corporate_print / CP verizon corporate print by creator 1900-2005 [FACET-FREE per RD-130]
[2026-10-06T12:02:21Z] FETCH  corporate_print / CP phillips66 + Phillips Petroleum annual/shareholder print 1930-2015 (wide, un-refined) [FACET-FREE per RD-130]
[2026-10-06T12:02:23Z] FETCH  corporate_print / CP phillips66 corporate print by creator 1930-2015 [FACET-FREE per RD-130]
[2026-10-06T12:02:25Z] FETCH  corporate_print / CP marathon + predecessor annual/shareholder print 1920-2015 (wide, un-refined) [FACET-FREE per RD-130]
[2026-10-06T12:02:28Z] FETCH  corporate_print / CP marathon corporate print by creator 1920-2015 [FACET-FREE per RD-130]
[2026-10-06T12:02:30Z] FETCH  corporate_print / CP stonex + predecessor annual/shareholder print 1980-2022 (wide, un-refined) [FACET-FREE per RD-130]
[2026-10-06T12:02:33Z] FETCH  corporate_print / CP stonex corporate print by creator + name-discovery 1980-2022 [FACET-FREE per RD-130]
[2026-10-06T12:02:35Z] FETCH  corporate_print / CP statefarm annual/statutory print 1920-1998 (wide, un-refined) [FACET-FREE per RD-130]
[2026-10-06T12:02:38Z] FETCH  corporate_print / CP statefarm corporate print by creator 1920-1998 [FACET-FREE per RD-130]
[2026-10-06T12:02:41Z] FETCH  corporate_print / CP freddiemac annual/shareholder print 1965-1998 (wide, un-refined) [FACET-FREE per RD-130]
[2026-10-06T12:02:44Z] FETCH  corporate_print / CP freddiemac corporate print by creator 1965-1998 [FACET-FREE per RD-130]
[2026-10-06T12:02:45Z] FETCH  corporate_print / CP att + Bell predecessor annual/shareholder print 1885-1995 (wide, un-refined) [FACET-FREE per RD-130]
[2026-10-06T12:02:48Z] FETCH  corporate_print / CP att corporate print by creator 1885-1995 [FACET-FREE per RD-130]
[2026-10-06T12:02:50Z] FETCH  corporate_print / CP goldman annual/shareholder print 1900-1995 (wide, un-refined) [FACET-FREE per RD-130]
[2026-10-06T12:02:53Z] FETCH  corporate_print / CP goldman corporate print by creator 1900-1995 [FACET-FREE per RD-130]
[2026-10-06T12:02:55Z] FETCH  corporate_print / CP comcast annual/shareholder print 1963-2000 [FACET-FREE per RD-130]
[2026-10-06T12:02:58Z] FETCH  corporate_print / CP comcast corporate print by creator + cable guides 1963-2000 [FACET-FREE per RD-130]
[2026-10-06T12:03:00Z] FETCH  corporate_print / CP wellsfargo annual/shareholder print 1850-1995 (wide, un-refined) [FACET-FREE per RD-130]
[2026-10-06T12:03:03Z] FETCH  corporate_print / CP wellsfargo corporate print by creator 1850-1995 [FACET-FREE per RD-130]
[2026-10-06T12:03:05Z] FETCH  corporate_print / CP morganstanley + predecessor annual/shareholder print 1920-2000 (wide, un-refined) [FACET-FREE per RD-130]
[2026-10-06T12:03:08Z] FETCH  corporate_print / CP morganstanley corporate print by creator 1920-2000 [FACET-FREE per RD-130]
[2026-10-06T12:03:10Z] FETCH  corporate_print / CP valero + predecessor annual/shareholder print 1960-2005 (wide, un-refined) [FACET-FREE per RD-130]
[2026-10-06T12:03:13Z] FETCH  corporate_print / CP valero corporate print by creator 1960-2005 [FACET-FREE per RD-130]
[2026-10-06T12:03:15Z] FETCH  corporate_print / CP dell + PC's Limited annual/shareholder print 1984-2000 [FACET-FREE per RD-130]
[2026-10-06T12:03:18Z] FETCH  corporate_print / CP dell corporate print by creator 1984-2000 [FACET-FREE per RD-130]
[2026-10-06T12:03:21Z] FETCH  corporate_print / CP target + Dayton Hudson annual/shareholder print 1946-1999 [FACET-FREE per RD-130]
[2026-10-06T12:03:23Z] FETCH  corporate_print / CP target/Dayton corporate print by creator 1940-1999 [FACET-FREE per RD-130]
[2026-10-06T12:03:26Z] FETCH  corporate_print / CP tesla annual/shareholder print 2003-2015 [FACET-FREE per RD-130]
[2026-10-06T12:03:28Z] FETCH  corporate_print / CP tesla corporate print by creator 2003-2015 [FACET-FREE per RD-130]
[2026-10-06T12:03:30Z] FETCH  corporate_print / CP disney annual/shareholder print 1923-1985 (wide, un-refined) [FACET-FREE per RD-130]
[2026-10-06T12:03:33Z] FETCH  corporate_print / CP disney corporate print by creator 1923-1985 [FACET-FREE per RD-130]
[2026-10-06T12:03:35Z] FETCH  corporate_print / CP jnj annual/shareholder print 1886-1980 (wide, un-refined) [FACET-FREE per RD-130]
[2026-10-06T12:03:39Z] FETCH  corporate_print / CP jnj corporate print by creator 1886-1980 [FACET-FREE per RD-130]
[2026-10-06T12:03:40Z] FETCH  corporate_print / CP pepsico + predecessor annual/shareholder print 1900-1980 (wide, un-refined) [FACET-FREE per RD-130]
[2026-10-06T12:03:43Z] FETCH  corporate_print / CP pepsico corporate print by creator 1900-1980 [FACET-FREE per RD-130]
[2026-10-06T12:03:45Z] FETCH  corporate_print / CP boeing annual/shareholder print 1916-1980 (wide, un-refined) [FACET-FREE per RD-130]
[2026-10-06T12:03:48Z] FETCH  corporate_print / CP boeing corporate print by creator 1916-1980 [FACET-FREE per RD-130]
[2026-10-06T12:03:51Z] FETCH  corporate_print / CP ups annual print 1919-1985 (wide, un-refined; a mutual-style registrant may print member rather than shareholder reports) [FACET-FREE per RD-130]
[2026-10-06T12:03:53Z] FETCH  corporate_print / CP ups corporate print by creator 1919-1985 [FACET-FREE per RD-130]
[2026-10-06T12:03:55Z] FETCH  corporate_print / CP rtx + predecessor annual/shareholder print 1950-2020 (wide, un-refined) [FACET-FREE per RD-130]
[2026-10-06T12:03:58Z] FETCH  corporate_print / CP rtx corporate print by creator 1950-2020 [FACET-FREE per RD-130]
[2026-10-06T12:04:00Z] FETCH  corporate_print / CP fedex + predecessor annual/shareholder print 1971-2000 [FACET-FREE per RD-130]
[2026-10-06T12:04:03Z] FETCH  corporate_print / CP fedex corporate print by creator 1971-2000 [FACET-FREE per RD-130]
[2026-10-06T12:04:06Z] FETCH  corporate_print / CP humana annual/shareholder print 1960-1995 (wide, un-refined) [FACET-FREE per RD-130]
[2026-10-06T12:04:08Z] FETCH  corporate_print / CP humana corporate print by creator 1960-1995 [FACET-FREE per RD-130]
[2026-10-06T12:04:11Z] wrote E:\founder's playbook\founders_playbook\00_universe\harvest\candidates.csv (4706 rows)
[2026-10-06T12:04:11Z] wrote manifest (1755 files)

PER-FAMILY OUTCOMES (this run):
  corporate_print        tasks=103 fetched=103 cached=0   skipped=0   http={'200': 103} rows={'LEAD_ONLY': 618, 'TIER1_CANDIDATE': 268, 'NULL': 21}

DONE. network requests: 103 / cap 220   (cache: OFF, so every row below is a live answer from this egress)
  evidence written: 102 file(s), unchanged: 1, versioned-beside-existing: 2
candidate rows: 907  {'LEAD_ONLY': 618, 'TIER1_CANDIDATE': 268, 'NULL': 21}
