cvs            p1=7 p2=0 floor=1994-02-10 
berkshire      p1=0 p2=22 floor=1998-08-10 
mckesson       p1=3 p2=0 floor=1995-02-08 
exxonmobil     p1=0 p2=0 floor=2026-07-01 no document stored; probes must cite the measured floor, not a null
cencora        p1=0 p2=30 floor=2001-05-23 
jpmorgan       p1=0 p2=24 floor=1994-01-20 
cigna          p1=0 p2=30 floor=2018-05-16 
cardinal       p1=10 p2=0 floor=1994-02-09 
meta           p1=30 p2=0 floor=2005-05-06 
elevance       p1=30 p2=0 floor=2001-08-16 
centene        p1=30 p2=0 floor=2001-10-09 
bofa           p1=0 p2=0 floor= no document stored; probes must cite the measured floor, not a null; identity guard refused the write; resolve the CIK by hand
chevron        p1=0 p2=18 floor=1994-02-03 
ford           p1=0 p2=24 floor=1994-01-20 
gm             p1=0 p2=0 floor=2009-07-16 no document stored; probes must cite the measured floor, not a null
citigroup      p1=19 p2=0 floor=1994-01-05 
homedepot      p1=0 p2=0 floor=1994-04-19 no document stored; probes must cite the measured floor, not a null; identity guard refused the write; resolve the CIK by hand
fanniemae      p1=0 p2=0 floor= no document stored; probes must cite the measured floor, not a null; identity guard refused the write; resolve the CIK by hand
kroger         p1=0 p2=28 floor=1994-01-07 
verizon        p1=24 p2=0 floor=1994-01-21 
fleet_intake: 20 companies processed
