== exxonmobil CIK=2115436 window=1866-01-01..1999-12-31
auto: selection order -- 1. filings whose filingDate falls in --from/--to, sorted filingDate ASCENDING (earliest evidence first); 2. one filing per form key -- S-1/S-4/10-K families keep every filing because version differences are findings, other forms keep the first per (base-form, primaryDocument[:12]); 3. inside a filing, documents in candidate order: the submissions primaryDocument, then named text/html items largest-first, then the full-submission SGML <accession>.txt; 4. --max-docs caps DOCUMENTS, so the stream built by 1-3 is cut at N and every slot past the cut is written to _SKIPPED.csv as 'SKIPPED beyond --max-docs N' -- never dropped.
auto: 0 documents stored (0 bytes, 0 words); 0 UNANSWERED (of which 0 nameless pre-2001 listing rows); 0 SKIPPED
auto: IDENTITY stored + unanswered + skipped == attempted -> stored(0) + unanswered(0) + skipped(0) = 0 vs attempted(0) -> OK
auto: selection order -- 1. filings whose filingDate falls in --from/--to, sorted filingDate ASCENDING (earliest evidence first); 2. one filing per form key -- S-1/S-4/10-K families keep every filing because version differences are findings, other forms keep the first per (base-form, primaryDocument[:12]); 3. inside a filing, documents in candidate order: the submissions primaryDocument, then named text/html items largest-first, then the full-submission SGML <accession>.txt; 4. --max-docs caps DOCUMENTS, so the stream built by 1-3 is cut at N and every slot past the cut is written to _SKIPPED.csv as 'SKIPPED beyond --max-docs N' -- never dropped.
auto: 0 documents stored (0 bytes, 0 words); 0 UNANSWERED (of which 0 nameless pre-2001 listing rows); 0 SKIPPED
auto: IDENTITY stored + unanswered + skipped == attempted -> stored(0) + unanswered(0) + skipped(0) = 0 vs attempted(0) -> OK
freddiemac TICKER_FMCK_UNRESOLVED
== homedepot CIK=354950 window=1978-01-01..1990-12-31
index: 0 rows dropped for no accession, 72 without primaryDocument (both counted in the artefacts)
*** REFUSED-WRONG-REGISTRANT: EDGAR answered 'HOME DEPOT, INC.' for CIK 0000354950 but this directory is 'company_025_homedepot'. Everything went to founders_playbook/01_companies/company_025_homedepot\sources\_index\quarantine\CIK0000354950; no canonical index was touched.
*** Re-run with the legacy registrant's CIK, or --allow-mismatch if you are certain. This is the 2026-09-26 Dell/1571996 clobber, D-5.
index: 0 rows dropped for no accession, 72 without primaryDocument (both counted in the artefacts)
*** REFUSED-WRONG-REGISTRANT: EDGAR answered 'HOME DEPOT, INC.' for CIK 0000354950 but this directory is 'company_025_homedepot'. Everything went to founders_playbook/01_companies/company_025_homedepot\sources\_index\quarantine\CIK0000354950; no canonical index was touched.
*** Re-run with the legacy registrant's CIK, or --allow-mismatch if you are certain. This is the 2026-09-26 Dell/1571996 clobber, D-5.
== valero CIK=1035002 window=1979-01-01..2001-12-31
   UNANSWERED 0000950129-00-002684 0002.txt: UNANSWERED (padded-cik/nodash-dir: 404 HTTP 404 b'<Error><Code>NoSuchKey</Code>' page | bare-cik/nodash-dir: 404 HTTP 404 b'<Error><Code>NoSuchKey</Code>' page | bare-cik/dashed-dir: 404 HTTP 404 b'<Error><Code>NoSuchKey</Code>' page)
   UNANSWERED 0000038777-00-000375 0001.txt: UNANSWERED (padded-cik/nodash-dir: 404 HTTP 404 b'<Error><Code>NoSuchKey</Code>' page | bare-cik/nodash-dir: 404 HTTP 404 b'<Error><Code>NoSuchKey</Code>' page | bare-cik/dashed-dir: 404 HTTP 404 b'<Error><Code>NoSuchKey</Code>' page)
   UNANSWERED (7 filings) : UNANSWERED NOT-ENUMERATED: 7 in-window filings were never listed because --max-docs 30 was reached; their documents exist but are unknown to this run
auto: 30 documents stored (2872260 bytes, 384391 words); 1 UNANSWERED (of which 0 nameless pre-2001 listing rows); 3 SKIPPED
auto: IDENTITY stored + unanswered + skipped == attempted -> stored(30) + unanswered(1) + skipped(3) = 34 vs attempted(34) -> OK
   UNANSWERED (342 filings) : UNANSWERED NOT-ENUMERATED: 342 in-window filings were never listed because --max-docs 30 was reached; their documents exist but are unknown to this run
== morganstanley CIK=895421 window=1924-01-01..1960-12-31
index: 0 rows dropped for no accession, 1188 without primaryDocument (both counted in the artefacts)
*** REFUSED-WRONG-REGISTRANT: EDGAR answered 'MORGAN STANLEY' for CIK 0000895421 but this directory is 'company_039_morganstanley'. Everything went to founders_playbook/01_companies/company_039_morganstanley\sources\_index\quarantine\CIK0000895421; no canonical index was touched.
*** Re-run with the legacy registrant's CIK, or --allow-mismatch if you are certain. This is the 2026-09-26 Dell/1571996 clobber, D-5.
index: 0 rows dropped for no accession, 1188 without primaryDocument (both counted in the artefacts)
*** REFUSED-WRONG-REGISTRANT: EDGAR answered 'MORGAN STANLEY' for CIK 0000895421 but this directory is 'company_039_morganstanley'. Everything went to founders_playbook/01_companies/company_039_morganstanley\sources\_index\quarantine\CIK0000895421; no canonical index was touched.
*** Re-run with the legacy registrant's CIK, or --allow-mismatch if you are certain. This is the 2026-09-26 Dell/1571996 clobber, D-5.
== phillips66 CIK=1534701 window=1917-01-01..2002-12-31
index: 0 rows dropped for no accession, 0 without primaryDocument (both counted in the artefacts)
*** REFUSED-WRONG-REGISTRANT: EDGAR answered 'Phillips 66' for CIK 0001534701 but this directory is 'company_029_phillips66'. Everything went to founders_playbook/01_companies/company_029_phillips66\sources\_index\quarantine\CIK0001534701; no canonical index was touched.
*** Re-run with the legacy registrant's CIK, or --allow-mismatch if you are certain. This is the 2026-09-26 Dell/1571996 clobber, D-5.
index: 0 rows dropped for no accession, 0 without primaryDocument (both counted in the artefacts)
*** REFUSED-WRONG-REGISTRANT: EDGAR answered 'Phillips 66' for CIK 0001534701 but this directory is 'company_029_phillips66'. Everything went to founders_playbook/01_companies/company_029_phillips66\sources\_index\quarantine\CIK0001534701; no canonical index was touched.
*** Re-run with the legacy registrant's CIK, or --allow-mismatch if you are certain. This is the 2026-09-26 Dell/1571996 clobber, D-5.
== wellsfargo CIK=72971 window=1852-01-01..1998-12-31
index: 0 rows dropped for no accession, 698 without primaryDocument (both counted in the artefacts)
*** REFUSED-WRONG-REGISTRANT: EDGAR answered 'WELLS FARGO & COMPANY/MN' for CIK 0000072971 but this directory is 'company_038_wellsfargo'. Everything went to founders_playbook/01_companies/company_038_wellsfargo\sources\_index\quarantine\CIK0000072971; no canonical index was touched.
*** Re-run with the legacy registrant's CIK, or --allow-mismatch if you are certain. This is the 2026-09-26 Dell/1571996 clobber, D-5.
index: 0 rows dropped for no accession, 698 without primaryDocument (both counted in the artefacts)
*** REFUSED-WRONG-REGISTRANT: EDGAR answered 'WELLS FARGO & COMPANY/MN' for CIK 0000072971 but this directory is 'company_038_wellsfargo'. Everything went to founders_playbook/01_companies/company_038_wellsfargo\sources\_index\quarantine\CIK0000072971; no canonical index was touched.
*** Re-run with the legacy registrant's CIK, or --allow-mismatch if you are certain. This is the 2026-09-26 Dell/1571996 clobber, D-5.
== fanniemae CIK=310522 window=1938-01-01..1970-12-31
index: 0 rows dropped for no accession, 6 without primaryDocument (both counted in the artefacts)
*** REFUSED-WRONG-REGISTRANT: EDGAR answered 'FEDERAL NATIONAL MORTGAGE ASSOCIATION FANNIE MAE' for CIK 0000310522 but this directory is 'company_026_fanniemae'. Everything went to founders_playbook/01_companies/company_026_fanniemae\sources\_index\quarantine\CIK0000310522; no canonical index was touched.
*** Re-run with the legacy registrant's CIK, or --allow-mismatch if you are certain. This is the 2026-09-26 Dell/1571996 clobber, D-5.
index: 0 rows dropped for no accession, 6 without primaryDocument (both counted in the artefacts)
*** REFUSED-WRONG-REGISTRANT: EDGAR answered 'FEDERAL NATIONAL MORTGAGE ASSOCIATION FANNIE MAE' for CIK 0000310522 but this directory is 'company_026_fanniemae'. Everything went to founders_playbook/01_companies/company_026_fanniemae\sources\_index\quarantine\CIK0000310522; no canonical index was touched.
*** Re-run with the legacy registrant's CIK, or --allow-mismatch if you are certain. This is the 2026-09-26 Dell/1571996 clobber, D-5.
== bofa CIK=70858 window=1791-01-01..1998-12-31
index: 0 rows dropped for no accession, 605 without primaryDocument (both counted in the artefacts)
*** REFUSED-WRONG-REGISTRANT: EDGAR answered 'BANK OF AMERICA CORP /DE/' for CIK 0000070858 but this directory is 'company_020_bofa'. Everything went to founders_playbook/01_companies/company_020_bofa\sources\_index\quarantine\CIK0000070858; no canonical index was touched.
*** Re-run with the legacy registrant's CIK, or --allow-mismatch if you are certain. This is the 2026-09-26 Dell/1571996 clobber, D-5.
index: 0 rows dropped for no accession, 605 without primaryDocument (both counted in the artefacts)
*** REFUSED-WRONG-REGISTRANT: EDGAR answered 'BANK OF AMERICA CORP /DE/' for CIK 0000070858 but this directory is 'company_020_bofa'. Everything went to founders_playbook/01_companies/company_020_bofa\sources\_index\quarantine\CIK0000070858; no canonical index was touched.
*** Re-run with the legacy registrant's CIK, or --allow-mismatch if you are certain. This is the 2026-09-26 Dell/1571996 clobber, D-5.
== att CIK=732717 window=1885-01-01..1984-12-31
index: 0 rows dropped for no accession, 198 without primaryDocument (both counted in the artefacts)
*** REFUSED-WRONG-REGISTRANT: EDGAR answered 'AT&T INC.' for CIK 0000732717 but this directory is 'company_035_att'. Everything went to founders_playbook/01_companies/company_035_att\sources\_index\quarantine\CIK0000732717; no canonical index was touched.
*** Re-run with the legacy registrant's CIK, or --allow-mismatch if you are certain. This is the 2026-09-26 Dell/1571996 clobber, D-5.
index: 0 rows dropped for no accession, 198 without primaryDocument (both counted in the artefacts)
*** REFUSED-WRONG-REGISTRANT: EDGAR answered 'AT&T INC.' for CIK 0000732717 but this directory is 'company_035_att'. Everything went to founders_playbook/01_companies/company_035_att\sources\_index\quarantine\CIK0000732717; no canonical index was touched.
*** Re-run with the legacy registrant's CIK, or --allow-mismatch if you are certain. This is the 2026-09-26 Dell/1571996 clobber, D-5.
== stonex CIK=1177394 window=1984-01-01..2000-12-31
index: 0 rows dropped for no accession, 0 without primaryDocument (both counted in the artefacts)
*** REFUSED-WRONG-REGISTRANT: EDGAR answered 'TD SYNNEX CORP' for CIK 0001177394 but this directory is 'company_031_stonex'. Everything went to founders_playbook/01_companies/company_031_stonex\sources\_index\quarantine\CIK0001177394; no canonical index was touched.
*** Re-run with the legacy registrant's CIK, or --allow-mismatch if you are certain. This is the 2026-09-26 Dell/1571996 clobber, D-5.
index: 0 rows dropped for no accession, 0 without primaryDocument (both counted in the artefacts)
*** REFUSED-WRONG-REGISTRANT: EDGAR answered 'TD SYNNEX CORP' for CIK 0001177394 but this directory is 'company_031_stonex'. Everything went to founders_playbook/01_companies/company_031_stonex\sources\_index\quarantine\CIK0001177394; no canonical index was touched.
*** Re-run with the legacy registrant's CIK, or --allow-mismatch if you are certain. This is the 2026-09-26 Dell/1571996 clobber, D-5.
