identity: 'Verizon Communications' resolved to CIK 732712 (VERIZON COMMUNICATIONS INC) by name-exact
walk: 5 slices (5 fetched, 0 failed), 10244 filing rows, date perimeter 1994-01-21 -> 2026-09-30
index: 10244 filings from registrant 'VERIZON COMMUNICATIONS INC' (CIK 0000732712, tickers ['VZ'])
index: registrant guard = ok -- slug token(s) ['verizon'] match registrant 'VERIZON COMMUNICATIONS INC' (CIK 0000732712)
index: artefacts keyed by CIK -> submissions_CIK0000732712.json, submissions_CIK0000732712.csv, _INDEX_CIK0000732712.md
index: 0 rows dropped for no accession, 163 without primaryDocument (both counted in the artefacts)
auto: 21 accessions in window, 21 directories opened, 36 document slots planned, 36 kept under --max-docs 45, 0 skipped past the cut
auto: selection order -- 1. filings whose filingDate falls in --from/--to, sorted filingDate ASCENDING (earliest evidence first); 2. one filing per form key -- S-1/S-4/10-K families keep every filing because version differences are findings, other forms keep the first per (base-form, primaryDocument[:12]); 3. inside a filing, documents in candidate order: the submissions primaryDocument, then named text/html items largest-first, then the full-submission SGML <accession>.txt; 4. --max-docs caps DOCUMENTS, so the stream built by 1-3 is cut at N and every slot past the cut is written to _SKIPPED.csv as 'SKIPPED beyond --max-docs N' -- never dropped.
auto: 30 documents stored (5220815 bytes, 646144 words); 6 UNANSWERED (of which 0 nameless pre-2001 listing rows); 123 SKIPPED
auto: IDENTITY stored + unanswered + skipped == attempted -> stored(30) + unanswered(6) + skipped(123) = 159 raw / 159 unique slots vs attempted(159) -> OK
   UNANSWERED 0001036050-00-001423 0001.txt: UNANSWERED (padded-cik/nodash-dir: 404 HTTP 404 b'<Error><Code>NoSuchKey</Code>' page | bare-cik/nodash-dir: 404 HTTP 404 b'<Error><Code>NoSuchKey</Code>' page | bare-cik/dashed-dir: - UNANSWERED after 2 tries (HTTP 403))
   UNANSWERED 0001036050-00-001423 0002.txt: UNANSWERED (padded-cik/nodash-dir: 404 HTTP 404 b'<Error><Code>NoSuchKey</Code>' page | bare-cik/nodash-dir: 404 HTTP 404 b'<Error><Code>NoSuchKey</Code>' page | bare-cik/dashed-dir: - UNANSWERED after 2 tries (HTTP 403))
   UNANSWERED 0000950172-00-001477 0001.txt: UNANSWERED (padded-cik/nodash-dir: 404 HTTP 404 b'<Error><Code>NoSuchKey</Code>' page | bare-cik/nodash-dir: 404 HTTP 404 b'<Error><Code>NoSuchKey</Code>' page | bare-cik/dashed-dir: - UNANSWERED after 2 tries (HTTP 403))
   UNANSWERED 0000950172-00-001477 0002.txt: UNANSWERED (padded-cik/nodash-dir: 404 HTTP 404 b'<Error><Code>NoSuchKey</Code>' page | bare-cik/nodash-dir: 404 HTTP 404 b'<Error><Code>NoSuchKey</Code>' page | bare-cik/dashed-dir: - UNANSWERED after 2 tries (HTTP 403))
   UNANSWERED 0000950172-00-001477 0004.txt: UNANSWERED (padded-cik/nodash-dir: 404 HTTP 404 b'<Error><Code>NoSuchKey</Code>' page | bare-cik/nodash-dir: 404 HTTP 404 b'<Error><Code>NoSuchKey</Code>' page | bare-cik/dashed-dir: - UNANSWERED after 2 tries (HTTP 403))
   UNANSWERED 0000950172-00-001477 0003.txt: UNANSWERED (padded-cik/nodash-dir: 404 HTTP 404 b'<Error><Code>NoSuchKey</Code>' page | bare-cik/nodash-dir: 404 HTTP 404 b'<Error><Code>NoSuchKey</Code>' page | bare-cik/dashed-dir: - UNANSWERED after 2 tries (HTTP 403))
identity: 'Verizon Communications' resolved to CIK 732712 (VERIZON COMMUNICATIONS INC) by name-exact
walk: 5 slices (5 fetched, 0 failed), 10244 filing rows, date perimeter 1994-01-21 -> 2026-09-30
index: 10244 filings from registrant 'VERIZON COMMUNICATIONS INC' (CIK 0000732712, tickers ['VZ'])
index: registrant guard = ok -- slug token(s) ['verizon'] match registrant 'VERIZON COMMUNICATIONS INC' (CIK 0000732712)
index: artefacts keyed by CIK -> submissions_CIK0000732712.json, submissions_CIK0000732712.csv, _INDEX_CIK0000732712.md
index: 0 rows dropped for no accession, 163 without primaryDocument (both counted in the artefacts)
auto: 72 accessions in window, 7 directories opened, 21 document slots planned, 20 kept under --max-docs 20, 1 skipped past the cut
auto: selection order -- 1. filings whose filingDate falls in --from/--to, sorted filingDate ASCENDING (earliest evidence first); 2. one filing per form key -- S-1/S-4/10-K families keep every filing because version differences are findings, other forms keep the first per (base-form, primaryDocument[:12]); 3. inside a filing, documents in candidate order: the submissions primaryDocument, then named text/html items largest-first, then the full-submission SGML <accession>.txt; 4. --max-docs caps DOCUMENTS, so the stream built by 1-3 is cut at N and every slot past the cut is written to _SKIPPED.csv as 'SKIPPED beyond --max-docs N' -- never dropped.
auto: 16 documents stored (817297 bytes, 99359 words); 5 UNANSWERED (of which 0 nameless pre-2001 listing rows); 1 SKIPPED
auto: IDENTITY stored + unanswered + skipped == attempted -> stored(16) + unanswered(5) + skipped(1) = 22 raw / 22 unique slots vs attempted(22) -> OK
   UNANSWERED 0000950109-01-000760 0001.txt: UNANSWERED (padded-cik/nodash-dir: 404 HTTP 404 b'<Error><Code>NoSuchKey</Code>' page | bare-cik/nodash-dir: 404 HTTP 404 b'<Error><Code>NoSuchKey</Code>' page | bare-cik/dashed-dir: - UNANSWERED after 2 tries (HTTP 403))
   UNANSWERED 0000950109-01-000760 0011.txt: UNANSWERED (padded-cik/nodash-dir: 404 HTTP 404 b'<Error><Code>NoSuchKey</Code>' page | bare-cik/nodash-dir: 404 HTTP 404 b'<Error><Code>NoSuchKey</Code>' page | bare-cik/dashed-dir: - UNANSWERED after 2 tries (HTTP 403))
   UNANSWERED 0000950109-01-000760 0013.txt: UNANSWERED (padded-cik/nodash-dir: 404 HTTP 404 b'<Error><Code>NoSuchKey</Code>' page | bare-cik/nodash-dir: 404 HTTP 404 b'<Error><Code>NoSuchKey</Code>' page | bare-cik/dashed-dir: - UNANSWERED after 2 tries (HTTP 403))
   UNANSWERED 0000950109-01-000760 0012.txt: UNANSWERED (padded-cik/nodash-dir: 404 HTTP 404 b'<Error><Code>NoSuchKey</Code>' page | bare-cik/nodash-dir: 404 HTTP 404 b'<Error><Code>NoSuchKey</Code>' page | bare-cik/dashed-dir: - UNANSWERED after 2 tries (HTTP 403))
   UNANSWERED (65 filings) : UNANSWERED NOT-ENUMERATED: 65 in-window filings were never listed because --max-docs 20 was reached; their documents exist but are unknown to this run
